---
source: crates/tui/tests/snapshots.rs
assertion_line: 97
expression: rendered
---
┌ INBOX (3) ───────────────────────────┐
│owner/repo                            │
│  ▸ task: o/r#1                       │
│    task: o/r#2                       │
│    task: o/r#3                       │
│                                      │
│                                      │
│                                      │
│                                      │
└──────────────────────────────────────┘
